DSperate 1.0.0 (jit+neon)
host: 12 cores
[profile] 3d polygon lines          3007992
[profile] 3d span pixels           95973145
[profile] 3d resolved pixels       70561180
[profile] 3d texel gathers (cached/direct)     95993876
[profile] 3d texcache validated          202
[profile] 3d texcache decoded             8
[profile] 3d texcache bytes compared       527360
[profile] 3d frames kept (no new swap)          432
[profile] slices                    1153657
[profile] slices arm9 halted           1860
[profile] slices arm7 halted        1043646
[profile] slices both halted           1689
[profile] slices with dma            559969
[profile] cycles total            992688707
[profile] cycles both halted        2085305
[profile] cycles arm9 halted only       218386
[profile] cycles arm7 halted only    889482348
[profile] cycles neither halted    100902668
[profile] cycles arm9 awake+spinning    543192443
[profile] cycles arm7 awake+spinning     35367364
[profile] cycles one spinning, other halted    505952056
[profile] cycles all idle (halt or spin)    508037361
[profile] host ns arm9 in spin slices  10969315409
[profile] host ns arm7 in spin slices    189429089
[profile] host ns arm9 working   8863092178
[profile] host ns arm7 working   1490500838
[profile] cycles skipped by idle-loop detect        56347
[profile] idle veto: gx busy            676
[profile] arm7 spi poll: slices slept         3534
[profile] arm7 spi poll: cycles slept       544749
[profile] 2d lines rendered          345600
[profile] 2d text bg lines           512745
[profile] 2d extended bg lines       203170
[profile] 2d 3d-layer lines          166555
[profile] 2d lines with colour effect       206280
[profile] 2d lines where an effect can apply          190
[profile] 2d flat lines (no effect possible)       345410
[profile] 2d plane selects            10968
[profile] 2d lines: 0 layers          92085
[profile] 2d lines: 1 layer          228449
[profile] 2d lines: 2 layers          25008
[profile] 2d lines: 3 layers             58
[profile] 2d lines: 1 layer, fully opaque       219897
[profile] 2d lines with 3d pixels       129307
[profile] 2d bg lines 16-colour text       482678
[profile] 2d bg lines 256-colour text        30067
[profile] 2d bg lines empty (transparent row)       472655
[profile] 2d 3d-layer lines with nothing visible        37248
[profile] 2d fast lines: backdrop only        92085
[profile] 2d fast lines: one opaque layer       243784
[profile] 2d full lines: effect mode live          190
[profile] 2d full lines: second target needed          190
[profile] 3d spans: constant colour       689502
[profile] 3d spans: interpolated colour      2128073
[profile] 3d band 0 ns           5533073134
[profile] 3d band 1 ns           5721275218
[profile] 3d band 2 ns            474809349
[profile] 3d band phase ns (slowest band)   5884984898
[profile] 3d band ns summed (all bands)  11729157701
[profile] 3d raster force-joined (vram touched)            1
[profile] 3d bins drawn by the thread that would have waited            2
[profile] 3d batches flushed         972991
[profile] 3d spans batched          2841883
[profile] 3d pixels batched        94678953
[profile] gx swap_buffers (new list)          733
[profile] gx vblanks with no swap          167
[profile] gx no-swap frames rejected by the register compare            3
[profile] gx reject cause: dispcnt/alpha_ref            2
[profile] gx reject cause: clear attrs            2
[profile] gx reject cause: fog            2
[profile] gx reject cause: edge/toon            2
[profile] gx polygons submitted (summed over swaps)       298793
[profile] gx vertices submitted (summed over swaps)       881438
[profile] gx polygons in the largest swap         1301
[profile] gx vertices in the largest swap         3834
[profile] 3d spans len 1-4           859159
[profile] 3d spans len 5-8           562590
[profile] 3d spans len 9-16          491344
[profile] 3d spans len 17-32         432730
[profile] 3d spans len 33-64         346474
[profile] 3d spans len 65-128        118273
[profile] 3d spans len 129-256       197422
[profile] 3d span pixels in len 1-4      2102936
[profile] 3d span pixels in len 5-8      3562697
[profile] 3d span pixels in len 9-16      5817117
[profile] 3d span pixels in len 17-32     10257396
[profile] 3d span pixels in len 33-64     15090632
[profile] 3d span pixels in len 65-128     11125700
[profile] 3d span pixels in len 129-256     48016667
[profile] 2d lazy frames                230
[profile] 2d lazy frames skipped (futile)          671
[profile] 2d vram trap hits             113
[profile] 2d lag frames                 671
[profile] 2d lag: trapped stores       172040
[profile] 2d lag: stores that joined a line          136
[profile] 2d lag: lines left in flight       129890
[profile] 2d engine A batch: stores that joined it            2
[profile] 2d engine A batch: capture-bank reads that joined it          381
[profile] 3d polygon-chunk entries       861904
[profile] 3d spans fully occluded by depth       166109
[profile] 3d spans that draw        2841883
[profile] gx reg reads               146744
[profile] gx reads of GXSTAT         143164
[profile] 3d drawn spans: plain      2747993
[profile] 3d drawn pixels: plain     67110786
[profile] 3d drawn spans: toon/highlight        93890
[profile] 3d drawn pixels: toon/highlight     23941950
[profile] dma transfers started       466219
[profile] dma dispatch loop entries (a run or one unit)      1354432
[profile] dma gxfifo words (run)     32696375
[profile] dma gxfifo bulk runs       326237
[profile] dma page-to-page runs       456783
[profile] dma units in word runs     25439871
[profile] dma units in halfword runs         1536
[profile] dma words through the bus       394539
[profile] dma halfwords through the bus         2017
[profile] dma vram traps taken for a run         2172
[profile] dma units -> main ram     11396864
[profile] dma units -> palette         2016
[profile] dma units -> i/o         32696455
[profile] dma units -> elsewhere            1
[profile] dma units -> vram engine A bg         7680
[profile] dma units -> vram engine B bg     14309904
[profile] dma units -> vram engine A obj          448
[profile] dma units -> vram engine B obj         2176
[profile] dma units -> vram lcdc       118794
[profile] dma vram traps: engine A bg           56
[profile] dma vram traps: engine B bg         1542
[profile] dma vram traps: engine A obj           13
[profile] dma vram traps: lcdc          561
[profile] 2d render ranges: engine A       130790
[profile] 2d render ranges: engine B       130790
[profile] dma starts: immediate       151681
[profile] dma starts: hblank         124330
[profile] dma starts: cart           190208
[profile] 3d resolve groups (8px)     11132955
[profile] 3d resolve groups: nothing drawn      1286642
[profile] 3d resolve groups: one kind      9307604
[profile] 3d resolve groups: mixed kinds       538709
[profile] 3d resolve groups: opaque only      7381808
[profile] 3d resolve groups: translucent only      1351259
[profile] 3d resolve groups: touching the under layer      1106249
[profile] 3d resolve batches         972991
[profile] 3d resolve batches: nothing drawn       112958
[profile] 3d resolve batches: one kind       522231
[profile] 3d resolve batches: mixed kinds       337802
[profile] 3d resolve batches: opaque only       440837
[profile] 3d resolve: drawing groups in batches      9846313
[profile] 3d resolve: drawing groups in one-kind batches      5696419
[profile] 3d resolve: drawing groups in mixed batches      4149894
[profile] 3d resolve empty groups: under-layer candidates only      1286642
[profile] 3d resolve groups: every lane opaque and drawing      2988766
[profile] 3d resolve pixels in every-lane-opaque groups     22874876
[profile] jit retime invalidations            4
[profile] jit blocks killed by retimes           19
[profile] bus vram remaps               281
[profile] bus tcm updates                 3
[profile] timing cpu9 range rebuilds           11
[profile] gx lists identical to the last          274
[profile] gx lists that reached a render          733
[profile] idle-loop: queries 515 hits 493 analyses 8
[profile]   reject no-back-edge           23
[profile] stage                 ms      %
[profile] cpu arm9         19832.4  48.0%
[profile] cpu arm7          1679.9   4.1%
[profile] dma               1607.5   3.9%
[profile] 2d bg draw         697.3   1.7%
[profile] 2d obj draw        148.7   0.4%
[profile] 2d window          272.7   0.7%
[profile] 2d select          451.1   1.1%
[profile] 2d effects           1.2   0.0%
[profile] output             273.5   0.7%
[profile] capture            133.4   0.3%
[profile] 3d clear             3.4   0.0%
[profile] 3d spans         11066.9  26.8%
[profile] 3d final pass      529.4   1.3%
[profile] 3d band wait         2.7   0.0%
[profile] spu                771.7   1.9%
[profile] jit translate      226.9   0.5%
[profile] sched slice loop    1955.1   4.7%
[profile] events (timers, dma, fifo; not spu)     206.1   0.5%
[profile] gpu line hooks     656.1   1.6%
[profile] line-0 worker join       7.4   0.0%
[profile] begin_frame         13.7   0.0%
[profile] gx vblank (sort, join)      44.7   0.1%
[profile] 2d journal/latches     579.8   1.4%
[profile] 3d line wait       149.6   0.4%
[profile] 3d prep (texcache)      29.8   0.1%
[profile] sum              41341.0
[jit] blocks 11346, inline instrs 60763, fallback executions 2482000, slow accesses 5834043, entries 1290487, invalidated 53248, revived 51193, flushes 0
[jit] fastmem: 1384 site faults (rewritten to the walk), 1348 guest sites on the walk, 22430 registered sites
[jit] code 3138 KB (hot 1581 KB): 52.9 bytes per guest instruction, 26.6 hot
[jit] hottest fallbacks (cpu pc instr count):
[jit]   arm9 01ffa594 e8830007 137565
[jit]   arm9 0204a20c e881000c 123568
[jit]   arm9 0204a1ec e881101c 123568
[jit]   arm9 0204a1b8 e891000c 123568
[jit]   arm9 0204a1a8 e891101c 123568
[jit]   arm9 0205408c e121f001 120452
[jit]   arm9 02054044 e121f000 120452
[jit]   arm9 02054094 e16ff001 120452
[jit]   arm9 020540a8 e25ef004 120452
[jit]   arm9 0205404c e121f002 120452
[jit]   arm9 020540a0 e8d07fff 120452
[jit]   arm9 ffff028c e510f004 116631
[jit]   arm9 01ffa908 e1ec00d8 116631
[jit]   arm9 ffff0294 e25ef004 116631
[jit]   arm9 ffff0278 ee190f11 116631
[jit]   arm9 01ffa954 049df004 115281
fastmem: arm9 view at 0x4000064a0000 (memfd): 290 flushes, 255 mmap calls, 1174 pages laid, 95 grants, 0 volatile refusals, 1.1 ms flushing
fastmem: arm7 view at 0x400106562000 (memfd): 199 flushes, 132 mmap calls, 673 pages laid, 16 grants, 0 volatile refusals, 0.7 ms flushing
frame ms: median 52.028 mean 54.047 p90 59.207 p99 137.826 max 138.456 min 42.782 total 10809.3
frame budget: 200 of 200 frames over 16.715 ms (100.00%)
  worst frame #3 at 138.456 ms; 1 bursts, longest 200 frames from #0
  over-budget per 20-frame window: 20 20 20 20 20 20 20 20 20 20
[frames] stage breakdown, mean of fastest fifth (40 frames), typical (middle 20%, 40 frames) and p99 tail (2 frames), sorted by what the tail adds:
[frames] stage              fast ms    typ ms    p99 ms     delta
[frames] cpu arm9            28.787    35.846    96.231   +60.385
[frames] cpu arm7             1.391     1.655    13.979   +12.323
[frames] gpu line hooks       0.743     0.746     2.989    +2.243
[frames] dma                  2.504     2.780     5.001    +2.221
[frames] jit translate        0.034     0.023     1.360    +1.337
[frames] sched slice loop     1.836     1.860     3.123    +1.263
[frames] 2d bg draw           0.345     0.349     1.248    +0.898
[frames] spu                  1.088     1.113     1.943    +0.830
[frames] gx vblank (sort, join)     0.083     0.071     0.773    +0.702
[frames] 2d select            0.283     0.285     0.849    +0.565
[frames] 3d prep (texcache)     0.043     0.028     0.502    +0.474
[frames] begin_frame          0.007     0.008     0.377    +0.369
[frames] 2d journal/latches     0.321     0.323     0.616    +0.293
[frames] events (timers, dma, fifo; not spu)     0.013     0.015     0.204    +0.190
[frames] 2d window            0.150     0.151     0.277    +0.126
[frames] 3d band wait         0.001     0.001     0.019    +0.018
[frames] line-0 worker join     0.001     0.001     0.011    +0.010
[frames] untimed              6.435     6.676     8.639    +1.963   (frame_ms minus timed stages: JIT translate, event/bus work between scopes, sched)
[frames] band workers        12.079    26.306    93.109   +66.803   (overlaps the band wait; not part of the wall time)
[frames] frame total         44.068    51.930   138.141   +86.211
[frames] worst 6 frames:
[frames]   #3     138.456 ms: cpu arm9 96.463 cpu arm7 11.660 dma 5.473 untimed 10.989
[frames]   #72    137.826 ms: cpu arm9 96.000 cpu arm7 16.298 dma 4.529 untimed 6.288
[frames]   #141   137.017 ms: cpu arm9 90.551 cpu arm7 13.255 sched slice loop 6.140 untimed 12.362
[frames]   #106   135.728 ms: cpu arm9 95.724 cpu arm7 13.827 dma 4.418 untimed 10.003
[frames]   #175   125.978 ms: cpu arm9 83.715 cpu arm7 15.722 dma 4.557 untimed 10.188
[frames]   #37    123.677 ms: cpu arm9 85.346 cpu arm7 13.206 dma 4.178 untimed 9.554
ran 900 frames, 1008342000 cycles
[events] handler time by event (the EVENTS stage split):
[events]   timer0                116 fired      0.134 ms total    1151 ns each
[events]   timer7_0              117 fired      0.247 ms total    2109 ns each
[events]   timer7_1             8212 fired     11.106 ms total    1352 ns each
[events]   cart               190208 fired    183.289 ms total     964 ns each
[events]   lcd irq               883 fired      2.076 ms total    2351 ns each
[events]   wifi                11749 fired      9.295 ms total     791 ns each
