DSperate 1.0.0 (jit+neon)
host: 12 cores
[profile] 3d polygon lines          3004963
[profile] 3d span pixels           95891677
[profile] 3d resolved pixels       70432888
[profile] 3d texel gathers (cached/direct)     95864496
[profile] 3d texcache validated          202
[profile] 3d texcache decoded             8
[profile] 3d texcache bytes compared       527360
[profile] 3d frames kept (no new swap)          432
[profile] slices                    1153658
[profile] slices arm9 halted           1860
[profile] slices arm7 halted        1043506
[profile] slices both halted           1689
[profile] slices with dma            560746
[profile] cycles total            992353055
[profile] cycles both halted        2086087
[profile] cycles arm9 halted only       217588
[profile] cycles arm7 halted only    889388696
[profile] cycles neither halted    100660684
[profile] cycles arm9 awake+spinning    530040635
[profile] cycles arm7 awake+spinning     35291523
[profile] cycles one spinning, other halted    494016435
[profile] cycles all idle (halt or spin)    496102522
[profile] host ns arm9 in spin slices   7054158713
[profile] host ns arm7 in spin slices    194340000
[profile] host ns arm9 working   8267863500
[profile] host ns arm7 working   1562752965
[profile] cycles skipped by idle-loop detect        58860
[profile] idle veto: gx busy            676
[profile] arm7 spi poll: slices slept         3546
[profile] arm7 spi poll: cycles slept       544838
[profile] 2d lines rendered          345600
[profile] 2d text bg lines           512738
[profile] 2d extended bg lines       203165
[profile] 2d 3d-layer lines          166551
[profile] 2d lines with colour effect       206286
[profile] 2d lines where an effect can apply          190
[profile] 2d flat lines (no effect possible)       345410
[profile] 2d plane selects            10967
[profile] 2d lines: 0 layers          92089
[profile] 2d lines: 1 layer          228445
[profile] 2d lines: 2 layers          25008
[profile] 2d lines: 3 layers             58
[profile] 2d lines: 1 layer, fully opaque       219894
[profile] 2d lines with 3d pixels       129303
[profile] 2d bg lines 16-colour text       482670
[profile] 2d bg lines 256-colour text        30068
[profile] 2d bg lines empty (transparent row)       472647
[profile] 2d 3d-layer lines with nothing visible        37248
[profile] 2d fast lines: backdrop only        92089
[profile] 2d fast lines: one opaque layer       243781
[profile] 2d full lines: effect mode live          190
[profile] 2d full lines: second target needed          190
[profile] 3d spans: constant colour       692879
[profile] 3d spans: interpolated colour      2119147
[profile] 3d band 0 ns           4910249447
[profile] 3d band 1 ns           4836178226
[profile] 3d band 2 ns           4525072825
[profile] 3d band phase ns (slowest band)   5601145929
[profile] 3d band ns summed (all bands)  14271500498
[profile] 3d raster force-joined (vram touched)            1
[profile] 3d bins drawn by the thread that would have waited            2
[profile] 3d batches flushed         954158
[profile] 3d spans batched          2837284
[profile] 3d pixels batched        94565402
[profile] gx swap_buffers (new list)          733
[profile] gx vblanks with no swap          167
[profile] gx no-swap frames rejected by the register compare            3
[profile] gx reject cause: dispcnt/alpha_ref            2
[profile] gx reject cause: clear attrs            2
[profile] gx reject cause: fog            2
[profile] gx reject cause: edge/toon            2
[profile] gx polygons submitted (summed over swaps)       298793
[profile] gx vertices submitted (summed over swaps)       881438
[profile] gx polygons in the largest swap         1301
[profile] gx vertices in the largest swap         3834
[profile] 3d spans len 1-4           859773
[profile] 3d spans len 5-8           561474
[profile] 3d spans len 9-16          489423
[profile] 3d spans len 17-32         434004
[profile] 3d spans len 33-64         345055
[profile] 3d spans len 65-128        118082
[profile] 3d spans len 129-256       197152
[profile] 3d span pixels in len 1-4      2101053
[profile] 3d span pixels in len 5-8      3560714
[profile] 3d span pixels in len 9-16      5803473
[profile] 3d span pixels in len 17-32     10292533
[profile] 3d span pixels in len 33-64     15030320
[profile] 3d span pixels in len 65-128     11131255
[profile] 3d span pixels in len 129-256     47972329
[profile] 2d lazy frames                230
[profile] 2d lazy frames skipped (futile)          671
[profile] 2d vram trap hits             113
[profile] 2d lag frames                 671
[profile] 2d lag: trapped stores       169196
[profile] 2d lag: stores that joined a line          129
[profile] 2d lag: lines left in flight       129890
[profile] 2d engine A batch: stores that joined it            2
[profile] 2d engine A batch: capture-bank reads that joined it          401
[profile] 3d polygon-chunk entries       843686
[profile] 3d spans fully occluded by depth       167679
[profile] 3d spans that draw        2837284
[profile] gx reg reads               146745
[profile] gx reads of GXSTAT         143165
[profile] 3d drawn spans: plain      2743394
[profile] 3d drawn pixels: plain     67042974
[profile] 3d drawn spans: toon/highlight        93890
[profile] 3d drawn pixels: toon/highlight     23941950
[profile] dma transfers started       466220
[profile] dma dispatch loop entries (a run or one unit)      1354052
[profile] dma gxfifo words (run)     32696396
[profile] dma gxfifo bulk runs       326351
[profile] dma page-to-page runs       456787
[profile] dma units in word runs     25440068
[profile] dma units in halfword runs         1536
[profile] dma words through the bus       394342
[profile] dma halfwords through the bus         2017
[profile] dma vram traps taken for a run         2147
[profile] dma units -> main ram     11396864
[profile] dma units -> palette         2016
[profile] dma units -> i/o         32696476
[profile] dma units -> elsewhere            1
[profile] dma units -> vram engine A bg         7680
[profile] dma units -> vram engine B bg     14309904
[profile] dma units -> vram engine A obj          448
[profile] dma units -> vram engine B obj         2176
[profile] dma units -> vram lcdc       118794
[profile] dma vram traps: engine A bg           55
[profile] dma vram traps: engine B bg         1538
[profile] dma vram traps: engine A obj           11
[profile] dma vram traps: lcdc          543
[profile] 2d render ranges: engine A       130790
[profile] 2d render ranges: engine B       130790
[profile] dma starts: immediate       151682
[profile] dma starts: hblank         124330
[profile] dma starts: cart           190208
[profile] 3d resolve groups (8px)     11113114
[profile] 3d resolve groups: nothing drawn      1279323
[profile] 3d resolve groups: one kind      9295382
[profile] 3d resolve groups: mixed kinds       538409
[profile] 3d resolve groups: opaque only      7366046
[profile] 3d resolve groups: translucent only      1348006
[profile] 3d resolve groups: touching the under layer      1112543
[profile] 3d resolve batches         954158
[profile] 3d resolve batches: nothing drawn       108202
[profile] 3d resolve batches: one kind       510277
[profile] 3d resolve batches: mixed kinds       335679
[profile] 3d resolve batches: opaque only       430336
[profile] 3d resolve: drawing groups in batches      9833791
[profile] 3d resolve: drawing groups in one-kind batches      5687639
[profile] 3d resolve: drawing groups in mixed batches      4146152
[profile] 3d resolve empty groups: under-layer candidates only      1279323
[profile] 3d resolve groups: every lane opaque and drawing      3000554
[profile] 3d resolve pixels in every-lane-opaque groups     22957436
[profile] jit retime invalidations            4
[profile] jit blocks killed by retimes           19
[profile] bus vram remaps               281
[profile] bus tcm updates                 3
[profile] timing cpu9 range rebuilds           11
[profile] gx lists identical to the last          274
[profile] gx lists that reached a render          733
[profile] idle-loop: queries 534 hits 520 analyses 7
[profile]   reject no-back-edge           15
[profile] stage                 ms      %
[profile] cpu arm9         15322.0  38.3%
[profile] cpu arm7          1757.1   4.4%
[profile] dma               1692.0   4.2%
[profile] 2d bg draw         788.2   2.0%
[profile] 2d obj draw        174.3   0.4%
[profile] 2d window          314.6   0.8%
[profile] 2d select          498.4   1.2%
[profile] 2d effects           1.2   0.0%
[profile] output             314.2   0.8%
[profile] capture            148.4   0.4%
[profile] 3d clear             3.2   0.0%
[profile] 3d spans         13395.0  33.5%
[profile] 3d final pass      619.8   1.5%
[profile] 3d band wait        12.1   0.0%
[profile] spu                865.9   2.2%
[profile] jit translate      223.5   0.6%
[profile] sched slice loop    2061.1   5.1%
[profile] events (timers, dma, fifo; not spu)     227.6   0.6%
[profile] gpu line hooks     688.9   1.7%
[profile] line-0 worker join       7.9   0.0%
[profile] begin_frame         20.1   0.1%
[profile] gx vblank (sort, join)      41.0   0.1%
[profile] 2d journal/latches     639.3   1.6%
[profile] 3d line wait       197.4   0.5%
[profile] 3d prep (texcache)      28.0   0.1%
[profile] sum              40041.3
[jit] blocks 11304, inline instrs 60671, fallback executions 1601937, slow accesses 7879162, entries 1289409, invalidated 53253, revived 51193, flushes 0
[jit] fastmem: 1375 site faults (rewritten to the walk), 1349 guest sites on the walk, 22386 registered sites
[jit] code 3408 KB (hot 1576 KB): 57.5 bytes per guest instruction, 26.6 hot
[jit] hottest fallbacks (cpu pc instr count):
[jit]   arm9 020540a8 e25ef004 120458
[jit]   arm9 020540a0 e8d07fff 120458
[jit]   arm9 0205404c e121f002 120458
[jit]   arm9 02054044 e121f000 120458
[jit]   arm9 0205408c e121f001 120458
[jit]   arm9 ffff0278 ee190f11 116631
[jit]   arm9 ffff0294 e25ef004 116631
[jit]   arm9 01ffa908 e1ec00d8 116631
[jit]   arm9 ffff028c e510f004 116631
[jit]   arm9 01ffa954 049df004 115282
[jit]   arm7 00002e00 e12ff00b 59037
[jit]   arm7 00002e28 e1b0f00e 59036
[jit]   arm7 00002e18 e12ff00c 59036
[jit]   arm7 037fff00 e08ff001 20581
[jit]   arm7 037fb340 0400df1b 20553
[jit]   arm7 037fb348 4770df1c 20553
fastmem: arm9 view at 0x4000064a0000 (memfd): 290 flushes, 255 mmap calls, 1174 pages laid, 95 grants, 0 volatile refusals, 1.1 ms flushing
fastmem: arm7 view at 0x400106562000 (memfd): 199 flushes, 132 mmap calls, 673 pages laid, 16 grants, 0 volatile refusals, 0.8 ms flushing
frame ms: median 43.531 mean 44.274 p90 51.313 p99 123.094 max 127.170 min 34.752 total 8854.8
frame budget: 200 of 200 frames over 16.715 ms (100.00%)
  worst frame #38 at 127.170 ms; 1 bursts, longest 200 frames from #0
  over-budget per 20-frame window: 20 20 20 20 20 20 20 20 20 20
[frames] stage breakdown, mean of fastest fifth (40 frames), typical (middle 20%, 40 frames) and p99 tail (2 frames), sorted by what the tail adds:
[frames] stage              fast ms    typ ms    p99 ms     delta
[frames] cpu arm9            20.460    26.519    81.758   +55.239
[frames] cpu arm7             1.455     1.544    14.419   +12.875
[frames] gpu line hooks       0.745     0.771     3.200    +2.430
[frames] dma                  2.531     2.887     5.253    +2.366
[frames] sched slice loop     1.859     1.908     2.875    +0.967
[frames] 2d journal/latches     0.325     0.332     1.259    +0.927
[frames] gx vblank (sort, join)     0.072     0.074     0.875    +0.801
[frames] spu                  1.193     1.246     2.047    +0.801
[frames] 2d bg draw           0.356     0.368     1.129    +0.761
[frames] 3d prep (texcache)     0.036     0.038     0.508    +0.470
[frames] begin_frame          0.016     0.016     0.398    +0.382
[frames] 2d select            0.290     0.294     0.612    +0.319
[frames] events (timers, dma, fifo; not spu)     0.013     0.013     0.219    +0.207
[frames] 2d window            0.154     0.156     0.302    +0.146
[frames] 3d band wait         0.001     0.001     0.018    +0.017
[frames] line-0 worker join     0.001     0.001     0.017    +0.016
[frames] jit translate        0.029     0.006     0.000    -0.006
[frames] untimed              6.556     6.904    10.242    +3.337   (frame_ms minus timed stages: JIT translate, event/bus work between scopes, sched)
[frames] band workers        20.769    28.256   113.426   +85.170   (overlaps the band wait; not part of the wall time)
[frames] frame total         36.092    43.078   125.132   +82.054
[frames] worst 6 frames:
[frames]   #38    127.170 ms: cpu arm9 79.244 cpu arm7 16.182 dma 6.248 untimed 10.743
[frames]   #103   123.094 ms: cpu arm9 84.272 cpu arm7 12.656 dma 4.258 untimed 9.740
[frames]   #168    98.369 ms: cpu arm9 58.828 cpu arm7 15.799 dma 3.693 untimed 9.390
[frames]   #167    78.979 ms: cpu arm9 57.113 dma 4.233 sched slice loop 2.384 untimed 8.582
[frames]   #123    66.479 ms: cpu arm9 42.013 dma 4.517 sched slice loop 2.801 untimed 10.387
[frames]   #61     63.058 ms: cpu arm9 35.051 dma 4.342 sched slice loop 2.865 untimed 13.355
ran 900 frames, 1008342003 cycles
[events] handler time by event (the EVENTS stage split):
[events]   timer0                116 fired      0.141 ms total    1213 ns each
[events]   timer7_0              117 fired      0.273 ms total    2337 ns each
[events]   timer7_1             8225 fired     11.349 ms total    1380 ns each
[events]   cart               190208 fired    204.117 ms total    1073 ns each
[events]   lcd irq               883 fired      1.904 ms total    2157 ns each
[events]   wifi                11749 fired      9.781 ms total     833 ns each
