  sm64.base.1: frame ms: median 11.196 mean 10.911 p90 16.529 p99 21.379 max 33.638 min 4.098 total 17458.3
  sm64.wctl.1: frame ms: median 11.207 mean 11.206 p90 16.910 p99 22.754 max 39.361 min 4.176 total 17929.0
  sm64.walw.1: frame ms: median 9.915 mean 11.202 p90 16.646 p99 25.240 max 39.043 min 4.109 total 17923.1
  sm64.tinl.1: frame ms: median 10.075 mean 10.425 p90 14.883 p99 20.352 max 34.199 min 4.094 total 16679.9
  sm64.tall.1: frame ms: median 9.099 mean 10.436 p90 15.475 p99 23.131 max 34.569 min 4.091 total 16698.1
  sm64.tall.2: frame ms: median 9.098 mean 10.500 p90 15.636 p99 22.701 max 33.984 min 3.942 total 16799.6
  sm64.tinl.2: frame ms: median 9.951 mean 10.498 p90 14.808 p99 23.331 max 35.134 min 4.039 total 16797.0
  sm64.walw.2: frame ms: median 9.925 mean 11.133 p90 16.591 p99 22.373 max 35.252 min 4.134 total 17812.2
  sm64.wctl.2: frame ms: median 10.991 mean 11.261 p90 16.805 p99 23.086 max 37.934 min 4.058 total 18017.8
  sm64.base.2: frame ms: median 11.129 mean 10.884 p90 16.349 p99 21.376 max 35.733 min 4.137 total 17414.4
  sm64.walw.3: frame ms: median 9.968 mean 11.128 p90 16.416 p99 23.957 max 36.754 min 4.115 total 17804.9
  sm64.base.3: frame ms: median 11.206 mean 10.880 p90 16.399 p99 21.984 max 33.647 min 4.085 total 17408.1
  sm64.tall.3: frame ms: median 8.994 mean 10.261 p90 14.881 p99 22.129 max 33.589 min 4.019 total 16416.9
  sm64.wctl.3: frame ms: median 11.064 mean 11.087 p90 16.992 p99 23.722 max 34.658 min 4.187 total 17740.0
  sm64.tinl.3: frame ms: median 9.872 mean 10.427 p90 14.722 p99 21.863 max 34.621 min 4.010 total 16682.7
  dbori.base.1: frame ms: median 12.397 mean 11.572 p90 17.431 p99 20.638 max 33.789 min 2.005 total 18514.8
  dbori.wctl.1: frame ms: median 12.603 mean 11.689 p90 17.547 p99 23.057 max 35.686 min 2.028 total 18702.0
  dbori.walw.1: frame ms: median 12.656 mean 11.673 p90 17.358 p99 24.972 max 39.684 min 2.007 total 18676.2
  dbori.tinl.1: frame ms: median 12.353 mean 11.416 p90 16.918 p99 21.589 max 34.425 min 1.986 total 18265.4
  dbori.tall.1: frame ms: median 12.138 mean 10.857 p90 16.523 p99 24.345 max 38.100 min 2.005 total 17371.6
  dbori.tall.2: frame ms: median 12.319 mean 10.946 p90 16.325 p99 22.442 max 35.014 min 1.980 total 17513.6
  dbori.tinl.2: frame ms: median 12.333 mean 11.374 p90 16.865 p99 20.300 max 34.673 min 2.039 total 18199.1
  dbori.walw.2: frame ms: median 12.546 mean 11.640 p90 17.229 p99 24.717 max 34.322 min 2.092 total 18624.3
  dbori.wctl.2: frame ms: median 12.451 mean 11.609 p90 17.389 p99 22.347 max 35.397 min 2.035 total 18574.6
  dbori.base.2: frame ms: median 12.494 mean 11.587 p90 17.351 p99 20.529 max 33.494 min 2.007 total 18539.7
  dbori.walw.3: frame ms: median 12.403 mean 11.653 p90 17.377 p99 25.288 max 35.096 min 1.993 total 18644.6
  dbori.base.3: frame ms: median 12.475 mean 11.650 p90 17.444 p99 21.709 max 35.312 min 1.996 total 18640.3
  dbori.tall.3: frame ms: median 12.194 mean 10.953 p90 16.602 p99 24.400 max 34.009 min 2.057 total 17524.8
  dbori.wctl.3: frame ms: median 12.485 mean 11.573 p90 17.299 p99 22.327 max 34.192 min 2.023 total 18516.0
  dbori.tinl.3: frame ms: median 12.341 mean 11.415 p90 16.960 p99 20.369 max 34.288 min 2.046 total 18263.3
  mlbis.base.1: frame ms: median 13.591 mean 11.400 p90 15.016 p99 18.734 max 31.046 min 3.127 total 18240.7
  mlbis.wctl.1: frame ms: median 13.185 mean 11.321 p90 15.080 p99 19.521 max 32.139 min 3.114 total 18113.7
  mlbis.walw.1: frame ms: median 12.750 mean 11.094 p90 14.844 p99 19.379 max 36.267 min 3.093 total 17749.8
  mlbis.tinl.1: frame ms: median 13.279 mean 11.296 p90 14.705 p99 19.386 max 31.718 min 3.358 total 18073.4
  mlbis.tall.1: frame ms: median 11.837 mean 10.731 p90 14.593 p99 20.137 max 31.827 min 3.314 total 17170.0
  mlbis.tall.2: frame ms: median 11.928 mean 10.885 p90 14.871 p99 19.292 max 32.356 min 3.154 total 17416.7
  mlbis.tinl.2: frame ms: median 13.357 mean 11.291 p90 14.712 p99 18.655 max 31.788 min 3.413 total 18065.8
  mlbis.walw.2: frame ms: median 12.739 mean 11.103 p90 14.491 p99 19.815 max 31.831 min 3.211 total 17764.7
  mlbis.wctl.2: frame ms: median 12.883 mean 11.259 p90 15.230 p99 19.487 max 31.648 min 3.186 total 18014.4
  mlbis.base.2: frame ms: median 13.701 mean 11.520 p90 15.144 p99 19.087 max 31.827 min 3.158 total 18431.6
  mlbis.walw.3: frame ms: median 12.770 mean 11.110 p90 14.959 p99 20.058 max 31.126 min 3.184 total 17776.6
  mlbis.base.3: frame ms: median 13.660 mean 11.463 p90 15.182 p99 19.535 max 31.128 min 3.118 total 18341.0
  mlbis.tall.3: frame ms: median 12.436 mean 11.105 p90 15.017 p99 20.479 max 31.337 min 3.061 total 17768.2
  mlbis.wctl.3: frame ms: median 12.904 mean 11.273 p90 15.068 p99 19.817 max 31.599 min 3.164 total 18037.3
  mlbis.tinl.3: frame ms: median 13.282 mean 11.327 p90 14.806 p99 19.003 max 34.428 min 3.401 total 18123.0
  etody.base.1: frame ms: median 5.385 mean 9.069 p90 18.016 p99 23.540 max 36.125 min 3.501 total 14510.7
  etody.wctl.1: frame ms: median 5.355 mean 9.702 p90 21.832 p99 25.256 max 37.047 min 3.394 total 15523.0
  etody.walw.1: frame ms: median 5.308 mean 9.984 p90 22.061 p99 25.564 max 35.781 min 3.419 total 15975.1
  etody.tinl.1: frame ms: median 5.328 mean 9.089 p90 18.094 p99 25.418 max 31.974 min 3.429 total 14542.2
  etody.tall.1: frame ms: median 5.284 mean 9.397 p90 19.304 p99 26.339 max 31.359 min 3.425 total 15034.9
  etody.tall.2: frame ms: median 5.279 mean 9.534 p90 21.233 p99 25.271 max 34.293 min 3.485 total 15253.9
  etody.tinl.2: frame ms: median 5.315 mean 9.020 p90 17.973 p99 23.146 max 30.203 min 3.535 total 14432.5
  etody.walw.2: frame ms: median 5.311 mean 9.996 p90 21.969 p99 25.967 max 38.322 min 3.409 total 15993.6
  etody.wctl.2: frame ms: median 5.261 mean 9.389 p90 18.059 p99 24.370 max 30.953 min 3.592 total 15022.4
  etody.base.2: frame ms: median 5.389 mean 9.077 p90 18.095 p99 23.300 max 30.926 min 3.458 total 14523.9
  etody.walw.3: frame ms: median 5.318 mean 10.002 p90 21.955 p99 26.108 max 31.483 min 3.445 total 16003.8
  etody.base.3: frame ms: median 5.383 mean 9.072 p90 17.945 p99 23.044 max 31.252 min 3.664 total 14515.7
  etody.tall.3: frame ms: median 5.228 mean 9.074 p90 18.039 p99 25.352 max 31.549 min 3.398 total 14518.6
  etody.wctl.3: frame ms: median 5.385 mean 9.712 p90 21.772 p99 24.706 max 37.489 min 3.701 total 15539.9
  etody.tinl.3: frame ms: median 5.355 mean 9.015 p90 17.890 p99 23.009 max 36.647 min 3.551 total 14424.0
DONE
